---
source: src/settings.rs
assertion_line: 132
expression: settings
---
icon-name: backup
title: Backup
scripts:
  - name: Backup
    icon-name: ~
    backup-script: "#!/usr/bin/env bash\nset -o errexit\n/usr/bin/backup.sh\n"
    mount-paths: []
    interval: 1day
    reminder: ~
    post-backup-actions: []
    last-backup: ~
autostart: false
